<html>
<body>
<pre>
<h1>µVision Build Log</h1>
<h2>Project:</h2>
D:\DHT11_Huyen\STM32F051R8-master\timer\pro\timer.uvproj
Project File Date:  04/14/2019

<h2>Output:</h2>
Build target 'Target 1'
compiling main.c...
..\inc\hw_uart.h(18): warning:  #1-D: last line of file ends without a newline
  #endif
..\inc\sw_rcc.h(7): warning:  #1295-D: Deprecated declaration RCC_HSE_init - give arg types
  void RCC_HSE_init();
..\inc\sw_rcc.h(8): warning:  #1295-D: Deprecated declaration RCC_Usart_init - give arg types
  void RCC_Usart_init();
..\inc\sw_interrupt.h(5): warning:  #1295-D: Deprecated declaration It_init - give arg types
  void It_init();
..\inc\sw_interrupt.h(6): warning:  #1295-D: Deprecated declaration It_usart1 - give arg types
  void It_usart1();
..\inc\sw_delay.h(4): warning:  #1295-D: Deprecated declaration systick_init - give arg types
  void systick_init();
..\inc\sw_delay.h(6): warning:  #1295-D: Deprecated declaration get_state_systick - give arg types
  unsigned int get_state_systick();
..\inc\sw_lcd1602.h(7): warning:  #1295-D: Deprecated declaration init_pin - give arg types
  void init_pin();
..\inc\sw_lcd1602.h(8): warning:  #1295-D: Deprecated declaration lcd_Init - give arg types
  void lcd_Init();
..\inc\sw_lcd1602.h(9): warning:  #1295-D: Deprecated declaration lcd_Enable - give arg types
  void lcd_Enable();
..\inc\sw_lcd1602.h(12): warning:  #1295-D: Deprecated declaration lcd_Clear - give arg types
  void lcd_Clear();
..\inc\sw_lcd1602.h(17): warning:  #1-D: last line of file ends without a newline
  #endif
..\inc\sw_uart.h(5): warning:  #1295-D: Deprecated declaration Usart1_Init - give arg types
  void Usart1_Init();
..\inc\sw_uart.h(9): warning:  #1-D: last line of file ends without a newline
  #endif
..\src\main.c(32): warning:  #940-D: missing return statement at end of non-void function "respone"
  }
..\src\main.c(88): warning:  #111-D: statement is unreachable
        return 0;
..\src\main.c: 16 warnings, 0 errors
linking...
Program Size: Code=4792 RO-data=224 RW-data=24 ZI-data=1632  
FromELF: creating hex file...
"..\out\timer.axf" - 0 Error(s), 16 Warning(s).
Load "..\\out\\timer.axf" 
Set JLink Project File to "D:\DHT11_Huyen\STM32F051R8-master\timer\pro\JLinkSettings.ini"
* JLink Info: Device "STM32F051R8" selected (64 KB flash, 8 KB RAM).
 
JLink info:
------------
DLL: V4.80g, compiled Feb 13 2014 20:50:02
Firmware: J-Link STLink V2 compiled Jun 26 2017 10:34:41
Hardware: V1.00
S/N : 776660811 
 
* JLink Info: Found SWD-DP with ID 0x0BB11477
* JLink Info: Found SWD-DP with ID 0x0BB11477
* JLink Info: Found Cortex-M0 r0p0, Little endian.
* JLink Info: FPUnit: 4 code (BP) slots and 0 literal slots
ROMTableAddr = 0xE00FF003
 
Target info:
------------
Device: STM32F051R8
VTarget = 3.300V
State of Pins: 
TCK: 0, TDI: 128, TDO: 64, TMS: 0, TRES: 1, TRST: 255
Hardware-Breakpoints: 4
Software-Breakpoints: 8192
Watchpoints:          2
JTAG speed: 2000 kHz
 
Erase Done.
Programming Done.
Verify OK.
Application running ...
ints:          2
JTAG speed: 2000 kHz
 
Erase Done.
Programming Done.
Verify OK.
Application running ...
.ini"
* JLink Info: Device "STM32F051R8" selected (64 KB flash, 8 KB RAM).
 
JLink info:
------------
DLL: V4.80g, compiled Feb 13 2014 20:50:02
Firmware: J-Link STLink V2 compiled Jun 26 2017 10:34:41
Hardware: V1.00
S/N : 776660811 
 
* JLink Info: Found SWD-DP with ID 0x0BB11477
* JLink Info: Found SWD-DP with ID 0x0BB11477
* JLink Info: Found Cortex-M0 r0p0, Little endian.
* JLink Info: FPUnit: 4 code (BP) slots and 0 literal slots
ROMTableAddr = 0xE00FF003
 
Target info:
------------
Device: STM32F051R8
VTarget = 3.300V
State of Pins: 
TCK: 0, TDI: 128, TDO: 64, TMS: 0, TRES: 1, TRST: 255
Hardware-Breakpoints: 4
Software-Breakpoints: 8192
Watchpoints:          2
JTAG speed: 2000 kHz
 
Erase Done.
Programming Done.
Verify OK.
Application running ...
pin - give arg types
  void init_pin();
..\inc\sw_lcd1602.h(8): warning:  #1295-D: Deprecated declaration lcd_Init - give arg types
  void lcd_Init();
..\inc\sw_lcd1602.h(9): warning:  #1295-D: Deprecated declaration lcd_Enable - give arg types
  void lcd_Enable();
..\inc\sw_lcd1602.h(12): warning:  #1295-D: Deprecated declaration lcd_Clear - give arg types
  void lcd_Clear();
..\inc\sw_lcd1602.h(17): warning:  #1-D: last line of file ends without a newline
  #endif
..\src\sw_lcd1602.c(98): warning:  #1-D: last line of file ends without a newline
  }
..\src\sw_lcd1602.c: 11 warnings, 0 errors
compiling sw_uart.c...
..\inc\hw_uart.h(18): warning:  #1-D: last line of file ends without a newline
  #endif
..\inc\sw_uart.h(5): warning:  #1295-D: Deprecated declaration Usart1_Init - give arg types
  void Usart1_Init();
..\inc\sw_uart.h(9): warning:  #1-D: last line of file ends without a newline
  #endif
..\src\sw_uart.c(38): warning:  #68-D: integer conversion resulted in a change of sign
          state = -1;
..\src\sw_uart.c: 4 warnings, 0 errors
linking...
Program Size: Code=4164 RO-data=224 RW-data=28 ZI-data=1636  
FromELF: creating hex file...
"..\out\timer.axf" - 0 Error(s), 40 Warning(s).
