Product: MDK-ARM Standard 5.10
Component: ARM Compiler 5.04 update 1 (build 49)
Tool: armlink [5040049]

==============================================================================

Section Cross References

    startup_stm32f051.o(STACK) refers (Special) to heapauxi.o(.text) for __use_two_region_memory
    startup_stm32f051.o(HEAP) refers (Special) to heapauxi.o(.text) for __use_two_region_memory
    startup_stm32f051.o(RESET) refers (Special) to heapauxi.o(.text) for __use_two_region_memory
    startup_stm32f051.o(RESET) refers to startup_stm32f051.o(STACK) for __initial_sp
    startup_stm32f051.o(RESET) refers to startup_stm32f051.o(.text) for Reset_Handler
    startup_stm32f051.o(RESET) refers to main.o(.text) for RCC_IRQHandler
    startup_stm32f051.o(.text) refers (Special) to heapauxi.o(.text) for __use_two_region_memory
    startup_stm32f051.o(.text) refers to main.o(.text) for SystemInit
    startup_stm32f051.o(.text) refers to __main.o(!!!main) for __main
    startup_stm32f051.o(.text) refers to startup_stm32f051.o(HEAP) for Heap_Mem
    startup_stm32f051.o(.text) refers to startup_stm32f051.o(STACK) for Stack_Mem
    main.o(.text) refers to _printf_percent.o(.ARM.Collect$$_printf_percent$$00000000) for _printf_percent
    main.o(.text) refers to _printf_d.o(.ARM.Collect$$_printf_percent$$00000009) for _printf_d
    main.o(.text) refers to _printf_dec.o(.text) for _printf_int_dec
    main.o(.text) refers to sw_gpio.o(.text) for GPIO_setmode
    main.o(.text) refers to sw_delay.o(.text) for delay_ms
    main.o(.text) refers to sw_lcd1602.o(.text) for lcd_Clear
    main.o(.text) refers to sw_rcc.o(.text) for RCC_HSE_init
    main.o(.text) refers to sw_uart.o(.text) for Usart1_Init
    main.o(.text) refers to noretval__2sprintf.o(.text) for __2sprintf
    main.o(.text) refers to main.o(.data) for I_RH
    sw_gpio.o(.text) refers to sw_gpio.o(i.__ARM_common_switch8) for __ARM_common_switch8
    sw_rcc.o(.text) refers to sw_gpio.o(i.__ARM_common_switch8) for __ARM_common_switch8
    sw_lcd1602.o(.text) refers to sw_rcc.o(.text) for RCC_EnClkIOport
    sw_lcd1602.o(.text) refers to sw_gpio.o(.text) for GPIO_setmode
    sw_lcd1602.o(.text) refers to sw_delay.o(.text) for delay_us
    sw_uart.o(.text) refers to sw_gpio.o(.text) for GPIO_setmode
    __2sprintf.o(.text) refers to _printf_char_common.o(.text) for _printf_char_common
    __2sprintf.o(.text) refers to _sputc.o(.text) for _sputc
    noretval__2sprintf.o(.text) refers to _printf_char_common.o(.text) for _printf_char_common
    noretval__2sprintf.o(.text) refers to _sputc.o(.text) for _sputc
    __printf.o(.text) refers to _printf_percent.o(.ARM.Collect$$_printf_percent$$00000000) for _printf_percent
    _printf_dec.o(.text) refers to rtudiv10.o(.text) for __rt_udiv10
    _printf_dec.o(.text) refers to _printf_intcommon.o(.text) for _printf_int_common
    __printf_flags.o(.text) refers to _printf_percent.o(.ARM.Collect$$_printf_percent$$00000000) for _printf_percent
    __printf_flags.o(.text) refers to __printf_flags.o(.constdata) for .constdata
    __printf_ss.o(.text) refers to _printf_percent.o(.ARM.Collect$$_printf_percent$$00000000) for _printf_percent
    __printf_flags_ss.o(.text) refers to _printf_percent.o(.ARM.Collect$$_printf_percent$$00000000) for _printf_percent
    __printf_flags_ss.o(.text) refers to __printf_flags_ss.o(.constdata) for .constdata
    __printf_wp.o(.text) refers to __printf_wp.o(i._is_digit) for _is_digit
    __printf_wp.o(.text) refers to _printf_percent.o(.ARM.Collect$$_printf_percent$$00000000) for _printf_percent
    __printf_flags_wp.o(.text) refers to __printf_wp.o(i._is_digit) for _is_digit
    __printf_flags_wp.o(.text) refers to _printf_percent.o(.ARM.Collect$$_printf_percent$$00000000) for _printf_percent
    __printf_flags_wp.o(.text) refers to __printf_flags_wp.o(.constdata) for .constdata
    __printf_ss_wp.o(.text) refers to __printf_wp.o(i._is_digit) for _is_digit
    __printf_ss_wp.o(.text) refers to _printf_percent.o(.ARM.Collect$$_printf_percent$$00000000) for _printf_percent
    __printf_flags_ss_wp.o(.text) refers to __printf_wp.o(i._is_digit) for _is_digit
    __printf_flags_ss_wp.o(.text) refers to _printf_percent.o(.ARM.Collect$$_printf_percent$$00000000) for _printf_percent
    __printf_flags_ss_wp.o(.text) refers to __printf_flags_ss_wp.o(.constdata) for .constdata
    _printf_d.o(.ARM.Collect$$_printf_percent$$00000009) refers (Weak) to _printf_dec.o(.text) for _printf_int_dec
    _printf_percent.o(.ARM.Collect$$_printf_percent$$00000000) refers (Special) to _printf_percent_end.o(.ARM.Collect$$_printf_percent$$00000017) for _printf_percent_end
    __main.o(!!!main) refers to rtentry.o(.ARM.Collect$$rtentry$$00000000) for __rt_entry
    rtentry.o(.ARM.Collect$$rtentry$$00000000) refers (Special) to rtentry2.o(.ARM.Collect$$rtentry$$0000000A) for __rt_entry_li
    rtentry.o(.ARM.Collect$$rtentry$$00000000) refers (Special) to rtentry2.o(.ARM.Collect$$rtentry$$0000000D) for __rt_entry_main
    rtentry.o(.ARM.Collect$$rtentry$$00000000) refers (Special) to rtentry2.o(.ARM.Collect$$rtentry$$0000000C) for __rt_entry_postli_1
    rtentry.o(.ARM.Collect$$rtentry$$00000000) refers (Special) to rtentry2.o(.ARM.Collect$$rtentry$$00000009) for __rt_entry_postsh_1
    rtentry.o(.ARM.Collect$$rtentry$$00000000) refers (Special) to rtentry2.o(.ARM.Collect$$rtentry$$00000002) for __rt_entry_presh_1
    rtentry.o(.ARM.Collect$$rtentry$$00000000) refers (Special) to rtentry4.o(.ARM.Collect$$rtentry$$00000004) for __rt_entry_sh
    _printf_char_common.o(.text) refers to __printf.o(.text) for __printf
    rtentry2.o(.ARM.Collect$$rtentry$$00000008) refers to boardinit2.o(.text) for _platform_post_stackheap_init
    rtentry2.o(.ARM.Collect$$rtentry$$0000000A) refers to libinit.o(.ARM.Collect$$libinit$$00000000) for __rt_lib_init
    rtentry2.o(.ARM.Collect$$rtentry$$0000000B) refers to boardinit3.o(.text) for _platform_post_lib_init
    rtentry2.o(.ARM.Collect$$rtentry$$0000000D) refers to main.o(.text) for main
    rtentry2.o(.ARM.Collect$$rtentry$$0000000D) refers to exit.o(.text) for exit
    rtentry2.o(.ARM.exidx) refers to rtentry2.o(.ARM.Collect$$rtentry$$00000001) for .ARM.Collect$$rtentry$$00000001
    rtentry2.o(.ARM.exidx) refers to rtentry2.o(.ARM.Collect$$rtentry$$00000008) for .ARM.Collect$$rtentry$$00000008
    rtentry2.o(.ARM.exidx) refers to rtentry2.o(.ARM.Collect$$rtentry$$0000000A) for .ARM.Collect$$rtentry$$0000000A
    rtentry2.o(.ARM.exidx) refers to rtentry2.o(.ARM.Collect$$rtentry$$0000000B) for .ARM.Collect$$rtentry$$0000000B
    rtentry2.o(.ARM.exidx) refers to rtentry2.o(.ARM.Collect$$rtentry$$0000000D) for .ARM.Collect$$rtentry$$0000000D
    rtentry4.o(.ARM.Collect$$rtentry$$00000004) refers to sys_stackheap_outer.o(.text) for __user_setup_stackheap
    rtentry4.o(.ARM.exidx) refers to rtentry4.o(.ARM.Collect$$rtentry$$00000004) for .ARM.Collect$$rtentry$$00000004
    sys_stackheap_outer.o(.text) refers to libspace.o(.text) for __user_perproc_libspace
    sys_stackheap_outer.o(.text) refers to startup_stm32f051.o(.text) for __user_initial_stackheap
    sys_stackheap_outer.o(__vectab_stack_and_reset_area) refers to tempstk.o(.text) for __temporary_stack_top
    sys_stackheap_outer.o(__vectab_stack_and_reset_area) refers to __main.o(!!!main) for __main
    exit.o(.text) refers to rtexit.o(.ARM.Collect$$rtexit$$00000000) for __rt_exit
    libinit.o(.ARM.Collect$$libinit$$00000000) refers (Special) to libinit2.o(.ARM.Collect$$libinit$$0000002C) for __rt_lib_init_alloca_1
    libinit.o(.ARM.Collect$$libinit$$00000000) refers (Special) to libinit2.o(.ARM.Collect$$libinit$$0000002A) for __rt_lib_init_argv_1
    libinit.o(.ARM.Collect$$libinit$$00000000) refers (Special) to libinit2.o(.ARM.Collect$$libinit$$00000019) for __rt_lib_init_atexit_1
    libinit.o(.ARM.Collect$$libinit$$00000000) refers (Special) to libinit2.o(.ARM.Collect$$libinit$$0000001F) for __rt_lib_init_clock_1
    libinit.o(.ARM.Collect$$libinit$$00000000) refers (Special) to libinit2.o(.ARM.Collect$$libinit$$00000030) for __rt_lib_init_cpp_1
    libinit.o(.ARM.Collect$$libinit$$00000000) refers (Special) to libinit2.o(.ARM.Collect$$libinit$$0000002E) for __rt_lib_init_exceptions_1
    libinit.o(.ARM.Collect$$libinit$$00000000) refers (Special) to libinit2.o(.ARM.Collect$$libinit$$00000001) for __rt_lib_init_fp_1
    libinit.o(.ARM.Collect$$libinit$$00000000) refers (Special) to libinit2.o(.ARM.Collect$$libinit$$0000001D) for __rt_lib_init_fp_trap_1
    libinit.o(.ARM.Collect$$libinit$$00000000) refers (Special) to libinit2.o(.ARM.Collect$$libinit$$00000021) for __rt_lib_init_getenv_1
    libinit.o(.ARM.Collect$$libinit$$00000000) refers (Special) to libinit2.o(.ARM.Collect$$libinit$$00000008) for __rt_lib_init_heap_1
    libinit.o(.ARM.Collect$$libinit$$00000000) refers (Special) to libinit2.o(.ARM.Collect$$libinit$$0000000F) for __rt_lib_init_lc_collate_1
    libinit.o(.ARM.Collect$$libinit$$00000000) refers (Special) to libinit2.o(.ARM.Collect$$libinit$$00000011) for __rt_lib_init_lc_ctype_1
    libinit.o(.ARM.Collect$$libinit$$00000000) refers (Special) to libinit2.o(.ARM.Collect$$libinit$$00000013) for __rt_lib_init_lc_monetary_1
    libinit.o(.ARM.Collect$$libinit$$00000000) refers (Special) to libinit2.o(.ARM.Collect$$libinit$$00000015) for __rt_lib_init_lc_numeric_1
    libinit.o(.ARM.Collect$$libinit$$00000000) refers (Special) to libinit2.o(.ARM.Collect$$libinit$$00000017) for __rt_lib_init_lc_time_1
    libinit.o(.ARM.Collect$$libinit$$00000000) refers (Special) to libinit2.o(.ARM.Collect$$libinit$$0000000C) for __rt_lib_init_rand_1
    libinit.o(.ARM.Collect$$libinit$$00000000) refers (Special) to libinit2.o(.ARM.Collect$$libinit$$00000031) for __rt_lib_init_return
    libinit.o(.ARM.Collect$$libinit$$00000000) refers (Special) to libinit2.o(.ARM.Collect$$libinit$$0000001B) for __rt_lib_init_signal_1
    libinit.o(.ARM.Collect$$libinit$$00000000) refers (Special) to libinit2.o(.ARM.Collect$$libinit$$00000023) for __rt_lib_init_stdio_1
    libinit.o(.ARM.Collect$$libinit$$00000000) refers (Special) to libinit2.o(.ARM.Collect$$libinit$$0000000A) for __rt_lib_init_user_alloc_1
    libspace.o(.text) refers to libspace.o(.bss) for __libspace_start
    rtexit.o(.ARM.Collect$$rtexit$$00000000) refers (Special) to rtexit2.o(.ARM.Collect$$rtexit$$00000004) for __rt_exit_exit
    rtexit.o(.ARM.Collect$$rtexit$$00000000) refers (Special) to rtexit2.o(.ARM.Collect$$rtexit$$00000003) for __rt_exit_ls
    rtexit.o(.ARM.Collect$$rtexit$$00000000) refers (Special) to rtexit2.o(.ARM.Collect$$rtexit$$00000002) for __rt_exit_prels_1
    rtexit.o(.ARM.exidx) refers (Special) to rtexit2.o(.ARM.Collect$$rtexit$$00000004) for __rt_exit_exit
    rtexit.o(.ARM.exidx) refers (Special) to rtexit2.o(.ARM.Collect$$rtexit$$00000003) for __rt_exit_ls
    rtexit.o(.ARM.exidx) refers (Special) to rtexit2.o(.ARM.Collect$$rtexit$$00000002) for __rt_exit_prels_1
    rtexit.o(.ARM.exidx) refers to rtexit.o(.ARM.Collect$$rtexit$$00000000) for .ARM.Collect$$rtexit$$00000000
    libinit2.o(.ARM.Collect$$libinit$$0000000E) refers to libinit2.o(.ARM.Collect$$libinit$$0000000D) for .ARM.Collect$$libinit$$0000000D
    libinit2.o(.ARM.Collect$$libinit$$00000010) refers to libinit2.o(.ARM.Collect$$libinit$$0000000D) for .ARM.Collect$$libinit$$0000000D
    libinit2.o(.ARM.Collect$$libinit$$00000012) refers to libinit2.o(.ARM.Collect$$libinit$$0000000D) for .ARM.Collect$$libinit$$0000000D
    libinit2.o(.ARM.Collect$$libinit$$00000014) refers to libinit2.o(.ARM.Collect$$libinit$$0000000D) for .ARM.Collect$$libinit$$0000000D
    libinit2.o(.ARM.Collect$$libinit$$00000016) refers to libinit2.o(.ARM.Collect$$libinit$$0000000D) for .ARM.Collect$$libinit$$0000000D
    libinit2.o(.ARM.Collect$$libinit$$00000024) refers to argv_veneer.o(.text) for __ARM_argv_veneer
    libinit2.o(.ARM.Collect$$libinit$$00000025) refers to argv_veneer.o(.text) for __ARM_argv_veneer
    rtexit2.o(.ARM.Collect$$rtexit$$00000003) refers to libshutdown.o(.ARM.Collect$$libshutdown$$00000000) for __rt_lib_shutdown
    rtexit2.o(.ARM.Collect$$rtexit$$00000004) refers to sys_exit.o(.text) for _sys_exit
    rtexit2.o(.ARM.exidx) refers to rtexit2.o(.ARM.Collect$$rtexit$$00000001) for .ARM.Collect$$rtexit$$00000001
    rtexit2.o(.ARM.exidx) refers to rtexit2.o(.ARM.Collect$$rtexit$$00000003) for .ARM.Collect$$rtexit$$00000003
    rtexit2.o(.ARM.exidx) refers to rtexit2.o(.ARM.Collect$$rtexit$$00000004) for .ARM.Collect$$rtexit$$00000004
    sys_exit.o(.text) refers (Special) to use_no_semi.o(.text) for __I$use$semihosting
    sys_exit.o(.text) refers (Special) to indicate_semi.o(.text) for __semihosting_library_function
    _get_argv_nomalloc.o(.text) refers (Special) to hrguard.o(.text) for __heap_region$guard
    _get_argv_nomalloc.o(.text) refers to defsig_rtmem_outer.o(.text) for __rt_SIGRTMEM
    _get_argv_nomalloc.o(.text) refers to sys_command.o(.text) for _sys_command_string
    libshutdown.o(.ARM.Collect$$libshutdown$$00000000) refers (Special) to libshutdown2.o(.ARM.Collect$$libshutdown$$00000006) for __rt_lib_shutdown_fp_trap_1
    libshutdown.o(.ARM.Collect$$libshutdown$$00000000) refers (Special) to libshutdown2.o(.ARM.Collect$$libshutdown$$0000000E) for __rt_lib_shutdown_heap_1
    libshutdown.o(.ARM.Collect$$libshutdown$$00000000) refers (Special) to libshutdown2.o(.ARM.Collect$$libshutdown$$0000000F) for __rt_lib_shutdown_return
    libshutdown.o(.ARM.Collect$$libshutdown$$00000000) refers (Special) to libshutdown2.o(.ARM.Collect$$libshutdown$$00000009) for __rt_lib_shutdown_signal_1
    libshutdown.o(.ARM.Collect$$libshutdown$$00000000) refers (Special) to libshutdown2.o(.ARM.Collect$$libshutdown$$00000003) for __rt_lib_shutdown_stdio_1
    libshutdown.o(.ARM.Collect$$libshutdown$$00000000) refers (Special) to libshutdown2.o(.ARM.Collect$$libshutdown$$0000000B) for __rt_lib_shutdown_user_alloc_1
    sys_command.o(.text) refers (Special) to use_no_semi.o(.text) for __I$use$semihosting
    sys_command.o(.text) refers (Special) to indicate_semi.o(.text) for __semihosting_library_function
    defsig_rtmem_outer.o(.text) refers to defsig_rtmem_inner.o(.text) for __rt_SIGRTMEM_inner
    defsig_rtmem_outer.o(.text) refers to defsig_exit.o(.text) for __sig_exit
    defsig_rtmem_formal.o(.text) refers to rt_raise.o(.text) for __rt_raise
    rt_raise.o(.text) refers to __raise.o(.text) for __raise
    rt_raise.o(.text) refers to sys_exit.o(.text) for _sys_exit
    defsig_exit.o(.text) refers to sys_exit.o(.text) for _sys_exit
    defsig_rtmem_inner.o(.text) refers to defsig_general.o(.text) for __default_signal_display
    __raise.o(.text) refers to defsig.o(CL$$defsig) for __default_signal_handler
    defsig_general.o(.text) refers to sys_wrch.o(.text) for _ttywrch
    sys_wrch.o(.text) refers (Special) to use_no_semi.o(.text) for __I$use$semihosting
    sys_wrch.o(.text) refers (Special) to indicate_semi.o(.text) for __semihosting_library_function
    defsig.o(CL$$defsig) refers to defsig_rtmem_inner.o(.text) for __rt_SIGRTMEM_inner
    defsig_abrt_inner.o(.text) refers to defsig_general.o(.text) for __default_signal_display
    defsig_fpe_inner.o(.text) refers to defsig_general.o(.text) for __default_signal_display
    defsig_rtred_inner.o(.text) refers to defsig_general.o(.text) for __default_signal_display
    defsig_stak_inner.o(.text) refers to defsig_general.o(.text) for __default_signal_display
    defsig_pvfn_inner.o(.text) refers to defsig_general.o(.text) for __default_signal_display
    defsig_cppl_inner.o(.text) refers to defsig_general.o(.text) for __default_signal_display
    defsig_segv_inner.o(.text) refers to defsig_general.o(.text) for __default_signal_display
    defsig_other.o(.text) refers to defsig_general.o(.text) for __default_signal_display


==============================================================================

Removing Unused input sections from the image.

    Removing sw_interrupt.o(.text), (132 bytes).

1 unused section(s) (total 132 bytes) removed from the image.

==============================================================================

Image Symbol Table

    Local Symbols

    Symbol Name                              Value     Ov Type        Size  Object(Section)

    ../clib/angel/boardlib.s                 0x00000000   Number         0  boardinit1.o ABSOLUTE
    ../clib/angel/boardlib.s                 0x00000000   Number         0  boardinit2.o ABSOLUTE
    ../clib/angel/boardlib.s                 0x00000000   Number         0  boardinit3.o ABSOLUTE
    ../clib/angel/boardlib.s                 0x00000000   Number         0  boardshut.o ABSOLUTE
    ../clib/angel/handlers.s                 0x00000000   Number         0  __scatter_zi.o ABSOLUTE
    ../clib/angel/handlers.s                 0x00000000   Number         0  __scatter_copy.o ABSOLUTE
    ../clib/angel/kernel.s                   0x00000000   Number         0  rtexit2.o ABSOLUTE
    ../clib/angel/kernel.s                   0x00000000   Number         0  rtentry2.o ABSOLUTE
    ../clib/angel/kernel.s                   0x00000000   Number         0  rtentry.o ABSOLUTE
    ../clib/angel/kernel.s                   0x00000000   Number         0  rtentry4.o ABSOLUTE
    ../clib/angel/kernel.s                   0x00000000   Number         0  rtexit.o ABSOLUTE
    ../clib/angel/rt.s                       0x00000000   Number         0  rt_raise.o ABSOLUTE
    ../clib/angel/scatterp.s                 0x00000000   Number         0  __scatter.o ABSOLUTE
    ../clib/angel/startup.s                  0x00000000   Number         0  __main.o ABSOLUTE
    ../clib/angel/sys.s                      0x00000000   Number         0  libspace.o ABSOLUTE
    ../clib/angel/sys.s                      0x00000000   Number         0  use_no_semi.o ABSOLUTE
    ../clib/angel/sys.s                      0x00000000   Number         0  indicate_semi.o ABSOLUTE
    ../clib/angel/sys.s                      0x00000000   Number         0  sys_stackheap_outer.o ABSOLUTE
    ../clib/angel/sys.s                      0x00000000   Number         0  tempstk.o ABSOLUTE
    ../clib/angel/sysapp.c                   0x00000000   Number         0  sys_exit.o ABSOLUTE
    ../clib/angel/sysapp.c                   0x00000000   Number         0  sys_command.o ABSOLUTE
    ../clib/angel/sysapp.c                   0x00000000   Number         0  sys_wrch.o ABSOLUTE
    ../clib/armsys.c                         0x00000000   Number         0  argv_veneer.o ABSOLUTE
    ../clib/armsys.c                         0x00000000   Number         0  _get_argv_nomalloc.o ABSOLUTE
    ../clib/armsys.c                         0x00000000   Number         0  no_argv.o ABSOLUTE
    ../clib/division.c                       0x00000000   Number         0  rtudiv10.o ABSOLUTE
    ../clib/heapalloc.c                      0x00000000   Number         0  hrguard.o ABSOLUTE
    ../clib/heapaux.c                        0x00000000   Number         0  heapauxi.o ABSOLUTE
    ../clib/libinit.s                        0x00000000   Number         0  libinit.o ABSOLUTE
    ../clib/libinit.s                        0x00000000   Number         0  libshutdown.o ABSOLUTE
    ../clib/libinit.s                        0x00000000   Number         0  libshutdown2.o ABSOLUTE
    ../clib/libinit.s                        0x00000000   Number         0  libinit2.o ABSOLUTE
    ../clib/printf.c                         0x00000000   Number         0  __printf_ss.o ABSOLUTE
    ../clib/printf.c                         0x00000000   Number         0  __printf_flags_ss.o ABSOLUTE
    ../clib/printf.c                         0x00000000   Number         0  __printf_wp.o ABSOLUTE
    ../clib/printf.c                         0x00000000   Number         0  __printf_flags_wp.o ABSOLUTE
    ../clib/printf.c                         0x00000000   Number         0  __printf_ss_wp.o ABSOLUTE
    ../clib/printf.c                         0x00000000   Number         0  __printf_flags_ss_wp.o ABSOLUTE
    ../clib/printf.c                         0x00000000   Number         0  _printf_intcommon.o ABSOLUTE
    ../clib/printf.c                         0x00000000   Number         0  _printf_char_common.o ABSOLUTE
    ../clib/printf.c                         0x00000000   Number         0  _sputc.o ABSOLUTE
    ../clib/printf.c                         0x00000000   Number         0  __2sprintf.o ABSOLUTE
    ../clib/printf.c                         0x00000000   Number         0  noretval__2sprintf.o ABSOLUTE
    ../clib/printf.c                         0x00000000   Number         0  __printf.o ABSOLUTE
    ../clib/printf.c                         0x00000000   Number         0  __printf_nopercent.o ABSOLUTE
    ../clib/printf.c                         0x00000000   Number         0  _printf_dec.o ABSOLUTE
    ../clib/printf.c                         0x00000000   Number         0  __printf_flags.o ABSOLUTE
    ../clib/printf_percent.s                 0x00000000   Number         0  _printf_percent.o ABSOLUTE
    ../clib/printf_percent.s                 0x00000000   Number         0  _printf_percent_end.o ABSOLUTE
    ../clib/printf_percent.s                 0x00000000   Number         0  _printf_d.o ABSOLUTE
    ../clib/signal.c                         0x00000000   Number         0  defsig_exit.o ABSOLUTE
    ../clib/signal.c                         0x00000000   Number         0  defsig_rtmem_inner.o ABSOLUTE
    ../clib/signal.c                         0x00000000   Number         0  defsig_rtred_inner.o ABSOLUTE
    ../clib/signal.c                         0x00000000   Number         0  __raise.o ABSOLUTE
    ../clib/signal.c                         0x00000000   Number         0  defsig_pvfn_inner.o ABSOLUTE
    ../clib/signal.c                         0x00000000   Number         0  defsig_cppl_inner.o ABSOLUTE
    ../clib/signal.c                         0x00000000   Number         0  defsig_segv_inner.o ABSOLUTE
    ../clib/signal.c                         0x00000000   Number         0  defsig_other.o ABSOLUTE
    ../clib/signal.c                         0x00000000   Number         0  defsig_stak_inner.o ABSOLUTE
    ../clib/signal.c                         0x00000000   Number         0  defsig_rtmem_formal.o ABSOLUTE
    ../clib/signal.c                         0x00000000   Number         0  defsig_general.o ABSOLUTE
    ../clib/signal.c                         0x00000000   Number         0  defsig_rtmem_outer.o ABSOLUTE
    ../clib/signal.c                         0x00000000   Number         0  defsig_abrt_inner.o ABSOLUTE
    ../clib/signal.c                         0x00000000   Number         0  defsig_fpe_inner.o ABSOLUTE
    ../clib/signal.s                         0x00000000   Number         0  defsig.o ABSOLUTE
    ../clib/stdlib.c                         0x00000000   Number         0  exit.o ABSOLUTE
    ../fplib/cfplib/fpinit.c                 0x00000000   Number         0  fpinit.o ABSOLUTE
    ..\src\main.c                            0x00000000   Number         0  main.o ABSOLUTE
    ..\src\sw_delay.c                        0x00000000   Number         0  sw_delay.o ABSOLUTE
    ..\src\sw_gpio.c                         0x00000000   Number         0  sw_gpio.o ABSOLUTE
    ..\src\sw_interrupt.c                    0x00000000   Number         0  sw_interrupt.o ABSOLUTE
    ..\src\sw_lcd1602.c                      0x00000000   Number         0  sw_lcd1602.o ABSOLUTE
    ..\src\sw_rcc.c                          0x00000000   Number         0  sw_rcc.o ABSOLUTE
    ..\src\sw_uart.c                         0x00000000   Number         0  sw_uart.o ABSOLUTE
    dc.s                                     0x00000000   Number         0  dc.o ABSOLUTE
    startup_stm32f051.s                      0x00000000   Number         0  startup_stm32f051.o ABSOLUTE
    RESET                                    0x08000000   Section      192  startup_stm32f051.o(RESET)
    !!!main                                  0x080000c0   Section        8  __main.o(!!!main)
    !!!scatter                               0x080000c8   Section       60  __scatter.o(!!!scatter)
    !!handler_copy                           0x08000104   Section       26  __scatter_copy.o(!!handler_copy)
    !!handler_zi                             0x08000120   Section       28  __scatter_zi.o(!!handler_zi)
    .ARM.Collect$$_printf_percent$$00000000  0x0800013c   Section        2  _printf_percent.o(.ARM.Collect$$_printf_percent$$00000000)
    .ARM.Collect$$_printf_percent$$00000009  0x0800013e   Section       10  _printf_d.o(.ARM.Collect$$_printf_percent$$00000009)
    .ARM.Collect$$_printf_percent$$00000017  0x08000148   Section        4  _printf_percent_end.o(.ARM.Collect$$_printf_percent$$00000017)
    .ARM.Collect$$libinit$$00000000          0x0800014c   Section        2  libinit.o(.ARM.Collect$$libinit$$00000000)
    .ARM.Collect$$libinit$$00000001          0x0800014e   Section        4  libinit2.o(.ARM.Collect$$libinit$$00000001)
    .ARM.Collect$$libinit$$00000008          0x08000152   Section        0  libinit2.o(.ARM.Collect$$libinit$$00000008)
    .ARM.Collect$$libinit$$0000000A          0x08000152   Section        0  libinit2.o(.ARM.Collect$$libinit$$0000000A)
    .ARM.Collect$$libinit$$0000000C          0x08000152   Section        0  libinit2.o(.ARM.Collect$$libinit$$0000000C)
    .ARM.Collect$$libinit$$0000000F          0x08000152   Section        0  libinit2.o(.ARM.Collect$$libinit$$0000000F)
    .ARM.Collect$$libinit$$00000011          0x08000152   Section        0  libinit2.o(.ARM.Collect$$libinit$$00000011)
    .ARM.Collect$$libinit$$00000013          0x08000152   Section        0  libinit2.o(.ARM.Collect$$libinit$$00000013)
    .ARM.Collect$$libinit$$00000015          0x08000152   Section        0  libinit2.o(.ARM.Collect$$libinit$$00000015)
    .ARM.Collect$$libinit$$00000017          0x08000152   Section        0  libinit2.o(.ARM.Collect$$libinit$$00000017)
    .ARM.Collect$$libinit$$00000019          0x08000152   Section        0  libinit2.o(.ARM.Collect$$libinit$$00000019)
    .ARM.Collect$$libinit$$0000001B          0x08000152   Section        0  libinit2.o(.ARM.Collect$$libinit$$0000001B)
    .ARM.Collect$$libinit$$0000001D          0x08000152   Section        0  libinit2.o(.ARM.Collect$$libinit$$0000001D)
    .ARM.Collect$$libinit$$0000001F          0x08000152   Section        0  libinit2.o(.ARM.Collect$$libinit$$0000001F)
    .ARM.Collect$$libinit$$00000021          0x08000152   Section        0  libinit2.o(.ARM.Collect$$libinit$$00000021)
    .ARM.Collect$$libinit$$00000023          0x08000152   Section        0  libinit2.o(.ARM.Collect$$libinit$$00000023)
    .ARM.Collect$$libinit$$0000002A          0x08000152   Section        0  libinit2.o(.ARM.Collect$$libinit$$0000002A)
    .ARM.Collect$$libinit$$0000002C          0x08000152   Section        0  libinit2.o(.ARM.Collect$$libinit$$0000002C)
    .ARM.Collect$$libinit$$0000002E          0x08000152   Section        0  libinit2.o(.ARM.Collect$$libinit$$0000002E)
    .ARM.Collect$$libinit$$00000030          0x08000152   Section        0  libinit2.o(.ARM.Collect$$libinit$$00000030)
    .ARM.Collect$$libinit$$00000031          0x08000152   Section        2  libinit2.o(.ARM.Collect$$libinit$$00000031)
    .ARM.Collect$$libshutdown$$00000000      0x08000154   Section        2  libshutdown.o(.ARM.Collect$$libshutdown$$00000000)
    .ARM.Collect$$libshutdown$$00000003      0x08000156   Section        0  libshutdown2.o(.ARM.Collect$$libshutdown$$00000003)
    .ARM.Collect$$libshutdown$$00000006      0x08000156   Section        0  libshutdown2.o(.ARM.Collect$$libshutdown$$00000006)
    .ARM.Collect$$libshutdown$$00000009      0x08000156   Section        0  libshutdown2.o(.ARM.Collect$$libshutdown$$00000009)
    .ARM.Collect$$libshutdown$$0000000B      0x08000156   Section        0  libshutdown2.o(.ARM.Collect$$libshutdown$$0000000B)
    .ARM.Collect$$libshutdown$$0000000E      0x08000156   Section        0  libshutdown2.o(.ARM.Collect$$libshutdown$$0000000E)
    .ARM.Collect$$libshutdown$$0000000F      0x08000156   Section        2  libshutdown2.o(.ARM.Collect$$libshutdown$$0000000F)
    .ARM.Collect$$rtentry$$00000000          0x08000158   Section        0  rtentry.o(.ARM.Collect$$rtentry$$00000000)
    .ARM.Collect$$rtentry$$00000002          0x08000158   Section        0  rtentry2.o(.ARM.Collect$$rtentry$$00000002)
    .ARM.Collect$$rtentry$$00000004          0x08000158   Section        6  rtentry4.o(.ARM.Collect$$rtentry$$00000004)
    .ARM.Collect$$rtentry$$00000009          0x0800015e   Section        0  rtentry2.o(.ARM.Collect$$rtentry$$00000009)
    .ARM.Collect$$rtentry$$0000000A          0x0800015e   Section        4  rtentry2.o(.ARM.Collect$$rtentry$$0000000A)
    .ARM.Collect$$rtentry$$0000000C          0x08000162   Section        0  rtentry2.o(.ARM.Collect$$rtentry$$0000000C)
    .ARM.Collect$$rtentry$$0000000D          0x08000162   Section        8  rtentry2.o(.ARM.Collect$$rtentry$$0000000D)
    .ARM.Collect$$rtexit$$00000000           0x0800016a   Section        2  rtexit.o(.ARM.Collect$$rtexit$$00000000)
    .ARM.Collect$$rtexit$$00000002           0x0800016c   Section        0  rtexit2.o(.ARM.Collect$$rtexit$$00000002)
    .ARM.Collect$$rtexit$$00000003           0x0800016c   Section        4  rtexit2.o(.ARM.Collect$$rtexit$$00000003)
    .ARM.Collect$$rtexit$$00000004           0x08000170   Section        6  rtexit2.o(.ARM.Collect$$rtexit$$00000004)
    .text                                    0x08000178   Section       56  startup_stm32f051.o(.text)
    .text                                    0x080001b0   Section        0  main.o(.text)
    .text                                    0x080004c4   Section        0  sw_gpio.o(.text)
    .text                                    0x08000cac   Section        0  sw_rcc.o(.text)
    .text                                    0x08000d8c   Section        0  sw_delay.o(.text)
    .text                                    0x08000e3c   Section        0  sw_lcd1602.o(.text)
    .text                                    0x08000ff0   Section        0  sw_uart.o(.text)
    .text                                    0x080010e0   Section        0  noretval__2sprintf.o(.text)
    .text                                    0x08001108   Section        0  __printf.o(.text)
    .text                                    0x08001174   Section        0  _printf_dec.o(.text)
    .text                                    0x080011e0   Section        0  heapauxi.o(.text)
    .text                                    0x080011e6   Section        0  _printf_intcommon.o(.text)
    .text                                    0x08001298   Section        0  _printf_char_common.o(.text)
    _printf_input_char                       0x08001299   Thumb Code    10  _printf_char_common.o(.text)
    .text                                    0x080012c8   Section        0  _sputc.o(.text)
    .text                                    0x080012d2   Section        0  rtudiv10.o(.text)
    .text                                    0x080012fa   Section       62  sys_stackheap_outer.o(.text)
    .text                                    0x08001338   Section        0  exit.o(.text)
    .text                                    0x08001344   Section        8  libspace.o(.text)
    .text                                    0x0800134c   Section        0  sys_exit.o(.text)
    .text                                    0x08001358   Section        2  use_no_semi.o(.text)
    .text                                    0x0800135a   Section        0  indicate_semi.o(.text)
    i.__ARM_common_switch8                   0x0800135a   Section        0  sw_gpio.o(i.__ARM_common_switch8)
    .data                                    0x20000000   Section       24  main.o(.data)
    .bss                                     0x20000018   Section       96  libspace.o(.bss)
    HEAP                                     0x20000078   Section      512  startup_stm32f051.o(HEAP)
    Heap_Mem                                 0x20000078   Data         512  startup_stm32f051.o(HEAP)
    STACK                                    0x20000278   Section     1024  startup_stm32f051.o(STACK)
    Stack_Mem                                0x20000278   Data        1024  startup_stm32f051.o(STACK)
    __initial_sp                             0x20000678   Data           0  startup_stm32f051.o(STACK)

    Global Symbols

    Symbol Name                              Value     Ov Type        Size  Object(Section)

    BuildAttributes$$THM_ISAv3M$S$PE$A:L22$X:L11$S22$IEEE1$IW$USESV6$~STKCKD$USESV7$~SHL$OSPACE$ROPI$EBA8$UX$STANDARDLIB$REQ8$PRES8$EABIv2 0x00000000   Number         0  anon$$obj.o ABSOLUTE
    __ARM_use_no_argv                        0x00000000   Number         0  main.o ABSOLUTE
    __ARM_exceptions_init                     - Undefined Weak Reference
    __alloca_initialize                       - Undefined Weak Reference
    __cpp_initialize__aeabi_                  - Undefined Weak Reference
    __cxa_finalize                            - Undefined Weak Reference
    __rt_locale                               - Undefined Weak Reference
    __sigvec_lookup                           - Undefined Weak Reference
    _atexit_init                              - Undefined Weak Reference
    _call_atexit_fns                          - Undefined Weak Reference
    _clock_init                               - Undefined Weak Reference
    _fp_trap_init                             - Undefined Weak Reference
    _fp_trap_shutdown                         - Undefined Weak Reference
    _get_lc_collate                           - Undefined Weak Reference
    _get_lc_ctype                             - Undefined Weak Reference
    _get_lc_monetary                          - Undefined Weak Reference
    _get_lc_numeric                           - Undefined Weak Reference
    _get_lc_time                              - Undefined Weak Reference
    _getenv_init                              - Undefined Weak Reference
    _handle_redirection                       - Undefined Weak Reference
    _init_alloc                               - Undefined Weak Reference
    _init_user_alloc                          - Undefined Weak Reference
    _initio                                   - Undefined Weak Reference
    _printf_post_padding                      - Undefined Weak Reference
    _printf_pre_padding                       - Undefined Weak Reference
    _printf_truncate_signed                   - Undefined Weak Reference
    _printf_truncate_unsigned                 - Undefined Weak Reference
    _rand_init                                - Undefined Weak Reference
    _signal_finish                            - Undefined Weak Reference
    _signal_init                              - Undefined Weak Reference
    _terminate_alloc                          - Undefined Weak Reference
    _terminate_user_alloc                     - Undefined Weak Reference
    _terminateio                              - Undefined Weak Reference
    __Vectors_Size                           0x000000c0   Number         0  startup_stm32f051.o ABSOLUTE
    __Vectors                                0x08000000   Data           4  startup_stm32f051.o(RESET)
    __Vectors_End                            0x080000c0   Data           0  startup_stm32f051.o(RESET)
    __main                                   0x080000c1   Thumb Code     8  __main.o(!!!main)
    __scatterload                            0x080000c9   Thumb Code     0  __scatter.o(!!!scatter)
    __scatterload_rt2                        0x080000c9   Thumb Code    52  __scatter.o(!!!scatter)
    __scatterload_rt2_thumb_only             0x080000c9   Thumb Code     0  __scatter.o(!!!scatter)
    __scatterload_null                       0x080000d9   Thumb Code     0  __scatter.o(!!!scatter)
    __scatterload_copy                       0x08000105   Thumb Code    26  __scatter_copy.o(!!handler_copy)
    __scatterload_zeroinit                   0x08000121   Thumb Code    28  __scatter_zi.o(!!handler_zi)
    _printf_percent                          0x0800013d   Thumb Code     0  _printf_percent.o(.ARM.Collect$$_printf_percent$$00000000)
    _printf_d                                0x0800013f   Thumb Code     0  _printf_d.o(.ARM.Collect$$_printf_percent$$00000009)
    _printf_percent_end                      0x08000149   Thumb Code     0  _printf_percent_end.o(.ARM.Collect$$_printf_percent$$00000017)
    __rt_lib_init                            0x0800014d   Thumb Code     0  libinit.o(.ARM.Collect$$libinit$$00000000)
    __rt_lib_init_fp_1                       0x0800014f   Thumb Code     0  libinit2.o(.ARM.Collect$$libinit$$00000001)
    __rt_lib_init_alloca_1                   0x08000153   Thumb Code     0  libinit2.o(.ARM.Collect$$libinit$$0000002C)
    __rt_lib_init_argv_1                     0x08000153   Thumb Code     0  libinit2.o(.ARM.Collect$$libinit$$0000002A)
    __rt_lib_init_atexit_1                   0x08000153   Thumb Code     0  libinit2.o(.ARM.Collect$$libinit$$00000019)
    __rt_lib_init_clock_1                    0x08000153   Thumb Code     0  libinit2.o(.ARM.Collect$$libinit$$0000001F)
    __rt_lib_init_cpp_1                      0x08000153   Thumb Code     0  libinit2.o(.ARM.Collect$$libinit$$00000030)
    __rt_lib_init_exceptions_1               0x08000153   Thumb Code     0  libinit2.o(.ARM.Collect$$libinit$$0000002E)
    __rt_lib_init_fp_trap_1                  0x08000153   Thumb Code     0  libinit2.o(.ARM.Collect$$libinit$$0000001D)
    __rt_lib_init_getenv_1                   0x08000153   Thumb Code     0  libinit2.o(.ARM.Collect$$libinit$$00000021)
    __rt_lib_init_heap_1                     0x08000153   Thumb Code     0  libinit2.o(.ARM.Collect$$libinit$$00000008)
    __rt_lib_init_lc_collate_1               0x08000153   Thumb Code     0  libinit2.o(.ARM.Collect$$libinit$$0000000F)
    __rt_lib_init_lc_ctype_1                 0x08000153   Thumb Code     0  libinit2.o(.ARM.Collect$$libinit$$00000011)
    __rt_lib_init_lc_monetary_1              0x08000153   Thumb Code     0  libinit2.o(.ARM.Collect$$libinit$$00000013)
    __rt_lib_init_lc_numeric_1               0x08000153   Thumb Code     0  libinit2.o(.ARM.Collect$$libinit$$00000015)
    __rt_lib_init_lc_time_1                  0x08000153   Thumb Code     0  libinit2.o(.ARM.Collect$$libinit$$00000017)
    __rt_lib_init_rand_1                     0x08000153   Thumb Code     0  libinit2.o(.ARM.Collect$$libinit$$0000000C)
    __rt_lib_init_return                     0x08000153   Thumb Code     0  libinit2.o(.ARM.Collect$$libinit$$00000031)
    __rt_lib_init_signal_1                   0x08000153   Thumb Code     0  libinit2.o(.ARM.Collect$$libinit$$0000001B)
    __rt_lib_init_stdio_1                    0x08000153   Thumb Code     0  libinit2.o(.ARM.Collect$$libinit$$00000023)
    __rt_lib_init_user_alloc_1               0x08000153   Thumb Code     0  libinit2.o(.ARM.Collect$$libinit$$0000000A)
    __rt_lib_shutdown                        0x08000155   Thumb Code     0  libshutdown.o(.ARM.Collect$$libshutdown$$00000000)
    __rt_lib_shutdown_fp_trap_1              0x08000157   Thumb Code     0  libshutdown2.o(.ARM.Collect$$libshutdown$$00000006)
    __rt_lib_shutdown_heap_1                 0x08000157   Thumb Code     0  libshutdown2.o(.ARM.Collect$$libshutdown$$0000000E)
    __rt_lib_shutdown_return                 0x08000157   Thumb Code     0  libshutdown2.o(.ARM.Collect$$libshutdown$$0000000F)
    __rt_lib_shutdown_signal_1               0x08000157   Thumb Code     0  libshutdown2.o(.ARM.Collect$$libshutdown$$00000009)
    __rt_lib_shutdown_stdio_1                0x08000157   Thumb Code     0  libshutdown2.o(.ARM.Collect$$libshutdown$$00000003)
    __rt_lib_shutdown_user_alloc_1           0x08000157   Thumb Code     0  libshutdown2.o(.ARM.Collect$$libshutdown$$0000000B)
    __rt_entry                               0x08000159   Thumb Code     0  rtentry.o(.ARM.Collect$$rtentry$$00000000)
    __rt_entry_presh_1                       0x08000159   Thumb Code     0  rtentry2.o(.ARM.Collect$$rtentry$$00000002)
    __rt_entry_sh                            0x08000159   Thumb Code     0  rtentry4.o(.ARM.Collect$$rtentry$$00000004)
    __rt_entry_li                            0x0800015f   Thumb Code     0  rtentry2.o(.ARM.Collect$$rtentry$$0000000A)
    __rt_entry_postsh_1                      0x0800015f   Thumb Code     0  rtentry2.o(.ARM.Collect$$rtentry$$00000009)
    __rt_entry_main                          0x08000163   Thumb Code     0  rtentry2.o(.ARM.Collect$$rtentry$$0000000D)
    __rt_entry_postli_1                      0x08000163   Thumb Code     0  rtentry2.o(.ARM.Collect$$rtentry$$0000000C)
    __rt_exit                                0x0800016b   Thumb Code     0  rtexit.o(.ARM.Collect$$rtexit$$00000000)
    __rt_exit_ls                             0x0800016d   Thumb Code     0  rtexit2.o(.ARM.Collect$$rtexit$$00000003)
    __rt_exit_prels_1                        0x0800016d   Thumb Code     0  rtexit2.o(.ARM.Collect$$rtexit$$00000002)
    __rt_exit_exit                           0x08000171   Thumb Code     0  rtexit2.o(.ARM.Collect$$rtexit$$00000004)
    Reset_Handler                            0x08000179   Thumb Code     8  startup_stm32f051.o(.text)
    NMI_Handler                              0x08000181   Thumb Code     2  startup_stm32f051.o(.text)
    HardFault_Handler                        0x08000183   Thumb Code     2  startup_stm32f051.o(.text)
    SVC_Handler                              0x08000185   Thumb Code     2  startup_stm32f051.o(.text)
    PendSV_Handler                           0x08000187   Thumb Code     2  startup_stm32f051.o(.text)
    SysTick_Handler                          0x08000189   Thumb Code     2  startup_stm32f051.o(.text)
    ADC1_COMP_IRQHandler                     0x0800018b   Thumb Code     0  startup_stm32f051.o(.text)
    CEC_IRQHandler                           0x0800018b   Thumb Code     0  startup_stm32f051.o(.text)
    DMA1_Channel1_IRQHandler                 0x0800018b   Thumb Code     0  startup_stm32f051.o(.text)
    DMA1_Channel2_3_IRQHandler               0x0800018b   Thumb Code     0  startup_stm32f051.o(.text)
    DMA1_Channel4_5_IRQHandler               0x0800018b   Thumb Code     0  startup_stm32f051.o(.text)
    EXTI0_1_IRQHandler                       0x0800018b   Thumb Code     0  startup_stm32f051.o(.text)
    EXTI2_3_IRQHandler                       0x0800018b   Thumb Code     0  startup_stm32f051.o(.text)
    EXTI4_15_IRQHandler                      0x0800018b   Thumb Code     0  startup_stm32f051.o(.text)
    FLASH_IRQHandler                         0x0800018b   Thumb Code     0  startup_stm32f051.o(.text)
    I2C1_IRQHandler                          0x0800018b   Thumb Code     0  startup_stm32f051.o(.text)
    I2C2_IRQHandler                          0x0800018b   Thumb Code     0  startup_stm32f051.o(.text)
    PVD_IRQHandler                           0x0800018b   Thumb Code     0  startup_stm32f051.o(.text)
    RTC_IRQHandler                           0x0800018b   Thumb Code     0  startup_stm32f051.o(.text)
    SPI1_IRQHandler                          0x0800018b   Thumb Code     0  startup_stm32f051.o(.text)
    SPI2_IRQHandler                          0x0800018b   Thumb Code     0  startup_stm32f051.o(.text)
    TIM14_IRQHandler                         0x0800018b   Thumb Code     0  startup_stm32f051.o(.text)
    TIM15_IRQHandler                         0x0800018b   Thumb Code     0  startup_stm32f051.o(.text)
    TIM16_IRQHandler                         0x0800018b   Thumb Code     0  startup_stm32f051.o(.text)
    TIM17_IRQHandler                         0x0800018b   Thumb Code     0  startup_stm32f051.o(.text)
    TIM1_BRK_UP_TRG_COM_IRQHandler           0x0800018b   Thumb Code     0  startup_stm32f051.o(.text)
    TIM1_CC_IRQHandler                       0x0800018b   Thumb Code     0  startup_stm32f051.o(.text)
    TIM2_IRQHandler                          0x0800018b   Thumb Code     0  startup_stm32f051.o(.text)
    TIM3_IRQHandler                          0x0800018b   Thumb Code     0  startup_stm32f051.o(.text)
    TIM6_DAC_IRQHandler                      0x0800018b   Thumb Code     0  startup_stm32f051.o(.text)
    TS_IRQHandler                            0x0800018b   Thumb Code     0  startup_stm32f051.o(.text)
    USART2_IRQHandler                        0x0800018b   Thumb Code     0  startup_stm32f051.o(.text)
    WWDG_IRQHandler                          0x0800018b   Thumb Code     0  startup_stm32f051.o(.text)
    __user_initial_stackheap                 0x0800018d   Thumb Code     0  startup_stm32f051.o(.text)
    dht11_start                              0x080001b1   Thumb Code    60  main.o(.text)
    respone                                  0x080001ed   Thumb Code    62  main.o(.text)
    Receive_data                             0x0800022b   Thumb Code    72  main.o(.text)
    main                                     0x08000273   Thumb Code   244  main.o(.text)
    RCC_IRQHandler                           0x08000367   Thumb Code    50  main.o(.text)
    USART1_IRQHandler                        0x08000399   Thumb Code    78  main.o(.text)
    SystemInit                               0x080003e7   Thumb Code   130  main.o(.text)
    GPIO_setpull_up                          0x080004c5   Thumb Code   230  sw_gpio.o(.text)
    GPIO_setpull_down                        0x080005ab   Thumb Code   230  sw_gpio.o(.text)
    GPIO_readpin                             0x08000691   Thumb Code   174  sw_gpio.o(.text)
    GPIO_setmode                             0x0800073f   Thumb Code   998  sw_gpio.o(.text)
    GPIO_ODRport                             0x08000b25   Thumb Code   100  sw_gpio.o(.text)
    GPIO_setbit                              0x08000b89   Thumb Code   124  sw_gpio.o(.text)
    GPIO_resetbit                            0x08000c05   Thumb Code   148  sw_gpio.o(.text)
    RCC_HSE_init                             0x08000cad   Thumb Code    52  sw_rcc.o(.text)
    RCC_EnClkIOport                          0x08000ce1   Thumb Code   120  sw_rcc.o(.text)
    RCC_Usart_init                           0x08000d59   Thumb Code    40  sw_rcc.o(.text)
    systick_init                             0x08000d8d   Thumb Code    34  sw_delay.o(.text)
    start_timer                              0x08000daf   Thumb Code    36  sw_delay.o(.text)
    get_state_systick                        0x08000dd3   Thumb Code    16  sw_delay.o(.text)
    delay_us                                 0x08000de3   Thumb Code    32  sw_delay.o(.text)
    delay_ms                                 0x08000e03   Thumb Code    32  sw_delay.o(.text)
    delay_s                                  0x08000e23   Thumb Code    18  sw_delay.o(.text)
    init_pin                                 0x08000e3d   Thumb Code    70  sw_lcd1602.o(.text)
    lcd_Enable                               0x08000e83   Thumb Code    32  sw_lcd1602.o(.text)
    lcd_send4bit                             0x08000ea3   Thumb Code   112  sw_lcd1602.o(.text)
    lcd_sendCommand                          0x08000f13   Thumb Code    26  sw_lcd1602.o(.text)
    lcd_Clear                                0x08000f2d   Thumb Code    16  sw_lcd1602.o(.text)
    lcd_Init                                 0x08000f3d   Thumb Code    84  sw_lcd1602.o(.text)
    lcd_gotoxy                               0x08000f91   Thumb Code    44  sw_lcd1602.o(.text)
    lcd_putchar                              0x08000fbd   Thumb Code    28  sw_lcd1602.o(.text)
    lcd_puts                                 0x08000fd9   Thumb Code    22  sw_lcd1602.o(.text)
    Usart1_Init                              0x08000ff1   Thumb Code   176  sw_uart.o(.text)
    Usart1_sendbyte                          0x080010a1   Thumb Code    30  sw_uart.o(.text)
    Usart1_send_string                       0x080010bf   Thumb Code    30  sw_uart.o(.text)
    __2sprintf                               0x080010e1   Thumb Code    36  noretval__2sprintf.o(.text)
    __printf                                 0x08001109   Thumb Code   108  __printf.o(.text)
    _printf_int_dec                          0x08001175   Thumb Code    90  _printf_dec.o(.text)
    __use_two_region_memory                  0x080011e1   Thumb Code     2  heapauxi.o(.text)
    __rt_heap_escrow$2region                 0x080011e3   Thumb Code     2  heapauxi.o(.text)
    __rt_heap_expand$2region                 0x080011e5   Thumb Code     2  heapauxi.o(.text)
    _printf_int_common                       0x080011e7   Thumb Code   176  _printf_intcommon.o(.text)
    _printf_char_common                      0x080012a3   Thumb Code    32  _printf_char_common.o(.text)
    _sputc                                   0x080012c9   Thumb Code    10  _sputc.o(.text)
    __rt_udiv10                              0x080012d3   Thumb Code    40  rtudiv10.o(.text)
    __user_setup_stackheap                   0x080012fb   Thumb Code    62  sys_stackheap_outer.o(.text)
    exit                                     0x08001339   Thumb Code    12  exit.o(.text)
    __user_libspace                          0x08001345   Thumb Code     8  libspace.o(.text)
    __user_perproc_libspace                  0x08001345   Thumb Code     0  libspace.o(.text)
    __user_perthread_libspace                0x08001345   Thumb Code     0  libspace.o(.text)
    _sys_exit                                0x0800134d   Thumb Code     8  sys_exit.o(.text)
    __I$use$semihosting                      0x08001359   Thumb Code     0  use_no_semi.o(.text)
    __use_no_semihosting_swi                 0x08001359   Thumb Code     2  use_no_semi.o(.text)
    __ARM_common_switch8                     0x0800135b   Thumb Code    28  sw_gpio.o(i.__ARM_common_switch8)
    __semihosting_library_function           0x0800135b   Thumb Code     0  indicate_semi.o(.text)
    Region$$Table$$Base                      0x08001378   Number         0  anon$$obj.o(Region$$Table)
    Region$$Table$$Limit                     0x08001398   Number         0  anon$$obj.o(Region$$Table)
    rx_data                                  0x20000000   Data           4  main.o(.data)
    I_RH                                     0x20000004   Data           4  main.o(.data)
    D_RH                                     0x20000008   Data           4  main.o(.data)
    I_Temp                                   0x2000000c   Data           4  main.o(.data)
    D_Temp                                   0x20000010   Data           4  main.o(.data)
    CheckSum                                 0x20000014   Data           4  main.o(.data)
    __libspace_start                         0x20000018   Data          96  libspace.o(.bss)
    __temporary_stack_top$libspace           0x20000078   Data           0  libspace.o(.bss)



==============================================================================

Memory Map of the image

  Image Entry point : 0x080000c1

  Load Region LR_IROM1 (Base: 0x08000000, Size: 0x000013b0, Max: 0x00010000, ABSOLUTE)

    Execution Region ER_IROM1 (Base: 0x08000000, Size: 0x00001398, Max: 0x00010000, ABSOLUTE)

    Base Addr    Size         Type   Attr      Idx    E Section Name        Object

    0x08000000   0x000000c0   Data   RO            3    RESET               startup_stm32f051.o
    0x080000c0   0x00000008   Code   RO          180  * !!!main             c_p.l(__main.o)
    0x080000c8   0x0000003c   Code   RO          347    !!!scatter          c_p.l(__scatter.o)
    0x08000104   0x0000001a   Code   RO          349    !!handler_copy      c_p.l(__scatter_copy.o)
    0x0800011e   0x00000002   PAD
    0x08000120   0x0000001c   Code   RO          351    !!handler_zi        c_p.l(__scatter_zi.o)
    0x0800013c   0x00000002   Code   RO          177    .ARM.Collect$$_printf_percent$$00000000  c_p.l(_printf_percent.o)
    0x0800013e   0x0000000a   Code   RO          176    .ARM.Collect$$_printf_percent$$00000009  c_p.l(_printf_d.o)
    0x08000148   0x00000004   Code   RO          189    .ARM.Collect$$_printf_percent$$00000017  c_p.l(_printf_percent_end.o)
    0x0800014c   0x00000002   Code   RO          219    .ARM.Collect$$libinit$$00000000  c_p.l(libinit.o)
    0x0800014e   0x00000004   Code   RO          226    .ARM.Collect$$libinit$$00000001  c_p.l(libinit2.o)
    0x08000152   0x00000000   Code   RO          230    .ARM.Collect$$libinit$$00000008  c_p.l(libinit2.o)
    0x08000152   0x00000000   Code   RO          232    .ARM.Collect$$libinit$$0000000A  c_p.l(libinit2.o)
    0x08000152   0x00000000   Code   RO          234    .ARM.Collect$$libinit$$0000000C  c_p.l(libinit2.o)
    0x08000152   0x00000000   Code   RO          237    .ARM.Collect$$libinit$$0000000F  c_p.l(libinit2.o)
    0x08000152   0x00000000   Code   RO          239    .ARM.Collect$$libinit$$00000011  c_p.l(libinit2.o)
    0x08000152   0x00000000   Code   RO          241    .ARM.Collect$$libinit$$00000013  c_p.l(libinit2.o)
    0x08000152   0x00000000   Code   RO          243    .ARM.Collect$$libinit$$00000015  c_p.l(libinit2.o)
    0x08000152   0x00000000   Code   RO          245    .ARM.Collect$$libinit$$00000017  c_p.l(libinit2.o)
    0x08000152   0x00000000   Code   RO          247    .ARM.Collect$$libinit$$00000019  c_p.l(libinit2.o)
    0x08000152   0x00000000   Code   RO          249    .ARM.Collect$$libinit$$0000001B  c_p.l(libinit2.o)
    0x08000152   0x00000000   Code   RO          251    .ARM.Collect$$libinit$$0000001D  c_p.l(libinit2.o)
    0x08000152   0x00000000   Code   RO          253    .ARM.Collect$$libinit$$0000001F  c_p.l(libinit2.o)
    0x08000152   0x00000000   Code   RO          255    .ARM.Collect$$libinit$$00000021  c_p.l(libinit2.o)
    0x08000152   0x00000000   Code   RO          257    .ARM.Collect$$libinit$$00000023  c_p.l(libinit2.o)
    0x08000152   0x00000000   Code   RO          261    .ARM.Collect$$libinit$$0000002A  c_p.l(libinit2.o)
    0x08000152   0x00000000   Code   RO          263    .ARM.Collect$$libinit$$0000002C  c_p.l(libinit2.o)
    0x08000152   0x00000000   Code   RO          265    .ARM.Collect$$libinit$$0000002E  c_p.l(libinit2.o)
    0x08000152   0x00000000   Code   RO          267    .ARM.Collect$$libinit$$00000030  c_p.l(libinit2.o)
    0x08000152   0x00000002   Code   RO          268    .ARM.Collect$$libinit$$00000031  c_p.l(libinit2.o)
    0x08000154   0x00000002   Code   RO          288    .ARM.Collect$$libshutdown$$00000000  c_p.l(libshutdown.o)
    0x08000156   0x00000000   Code   RO          302    .ARM.Collect$$libshutdown$$00000003  c_p.l(libshutdown2.o)
    0x08000156   0x00000000   Code   RO          305    .ARM.Collect$$libshutdown$$00000006  c_p.l(libshutdown2.o)
    0x08000156   0x00000000   Code   RO          308    .ARM.Collect$$libshutdown$$00000009  c_p.l(libshutdown2.o)
    0x08000156   0x00000000   Code   RO          310    .ARM.Collect$$libshutdown$$0000000B  c_p.l(libshutdown2.o)
    0x08000156   0x00000000   Code   RO          313    .ARM.Collect$$libshutdown$$0000000E  c_p.l(libshutdown2.o)
    0x08000156   0x00000002   Code   RO          314    .ARM.Collect$$libshutdown$$0000000F  c_p.l(libshutdown2.o)
    0x08000158   0x00000000   Code   RO          182    .ARM.Collect$$rtentry$$00000000  c_p.l(rtentry.o)
    0x08000158   0x00000000   Code   RO          193    .ARM.Collect$$rtentry$$00000002  c_p.l(rtentry2.o)
    0x08000158   0x00000006   Code   RO          205    .ARM.Collect$$rtentry$$00000004  c_p.l(rtentry4.o)
    0x0800015e   0x00000000   Code   RO          195    .ARM.Collect$$rtentry$$00000009  c_p.l(rtentry2.o)
    0x0800015e   0x00000004   Code   RO          196    .ARM.Collect$$rtentry$$0000000A  c_p.l(rtentry2.o)
    0x08000162   0x00000000   Code   RO          198    .ARM.Collect$$rtentry$$0000000C  c_p.l(rtentry2.o)
    0x08000162   0x00000008   Code   RO          199    .ARM.Collect$$rtentry$$0000000D  c_p.l(rtentry2.o)
    0x0800016a   0x00000002   Code   RO          224    .ARM.Collect$$rtexit$$00000000  c_p.l(rtexit.o)
    0x0800016c   0x00000000   Code   RO          270    .ARM.Collect$$rtexit$$00000002  c_p.l(rtexit2.o)
    0x0800016c   0x00000004   Code   RO          271    .ARM.Collect$$rtexit$$00000003  c_p.l(rtexit2.o)
    0x08000170   0x00000006   Code   RO          272    .ARM.Collect$$rtexit$$00000004  c_p.l(rtexit2.o)
    0x08000176   0x00000002   PAD
    0x08000178   0x00000038   Code   RO            4    .text               startup_stm32f051.o
    0x080001b0   0x00000314   Code   RO           10    .text               main.o
    0x080004c4   0x000007e8   Code   RO           72    .text               sw_gpio.o
    0x08000cac   0x000000e0   Code   RO           98    .text               sw_rcc.o
    0x08000d8c   0x000000b0   Code   RO          110    .text               sw_delay.o
    0x08000e3c   0x000001b2   Code   RO          122    .text               sw_lcd1602.o
    0x08000fee   0x00000002   PAD
    0x08000ff0   0x000000f0   Code   RO          134    .text               sw_uart.o
    0x080010e0   0x00000028   Code   RO          150    .text               c_p.l(noretval__2sprintf.o)
    0x08001108   0x0000006c   Code   RO          152    .text               c_p.l(__printf.o)
    0x08001174   0x0000006c   Code   RO          154    .text               c_p.l(_printf_dec.o)
    0x080011e0   0x00000006   Code   RO          178    .text               c_p.l(heapauxi.o)
    0x080011e6   0x000000b0   Code   RO          183    .text               c_p.l(_printf_intcommon.o)
    0x08001296   0x00000002   PAD
    0x08001298   0x00000030   Code   RO          185    .text               c_p.l(_printf_char_common.o)
    0x080012c8   0x0000000a   Code   RO          187    .text               c_p.l(_sputc.o)
    0x080012d2   0x00000028   Code   RO          190    .text               c_p.l(rtudiv10.o)
    0x080012fa   0x0000003e   Code   RO          209    .text               c_p.l(sys_stackheap_outer.o)
    0x08001338   0x0000000c   Code   RO          212    .text               c_p.l(exit.o)
    0x08001344   0x00000008   Code   RO          220    .text               c_p.l(libspace.o)
    0x0800134c   0x0000000c   Code   RO          280    .text               c_p.l(sys_exit.o)
    0x08001358   0x00000002   Code   RO          291    .text               c_p.l(use_no_semi.o)
    0x0800135a   0x00000000   Code   RO          293    .text               c_p.l(indicate_semi.o)
    0x0800135a   0x0000001c   Code   RO           81    i.__ARM_common_switch8  sw_gpio.o
    0x08001376   0x00000002   PAD
    0x08001378   0x00000020   Data   RO          345    Region$$Table       anon$$obj.o


    Execution Region RW_IRAM1 (Base: 0x20000000, Size: 0x00000678, Max: 0x00002000, ABSOLUTE)

    Base Addr    Size         Type   Attr      Idx    E Section Name        Object

    0x20000000   0x00000018   Data   RW           11    .data               main.o
    0x20000018   0x00000060   Zero   RW          221    .bss                c_p.l(libspace.o)
    0x20000078   0x00000200   Zero   RW            2    HEAP                startup_stm32f051.o
    0x20000278   0x00000400   Zero   RW            1    STACK               startup_stm32f051.o


==============================================================================

Image component sizes


      Code (inc. data)   RO Data    RW Data    ZI Data      Debug   Object Name

       788         92          0         24          0       3427   main.o
        56         26        192          0       1536        624   startup_stm32f051.o
       176          8          0          0          0       1247   sw_delay.o
      2052         96          0          0          0       2365   sw_gpio.o
       434          0          0          0          0       1854   sw_lcd1602.o
       224         20          0          0          0        766   sw_rcc.o
       240          4          0          0          0        961   sw_uart.o

    ----------------------------------------------------------------------
      3974        246        224         24       1536      11244   Object Totals
         0          0         32          0          0          0   (incl. Generated)
         4          0          0          0          0          0   (incl. Padding)

    ----------------------------------------------------------------------

      Code (inc. data)   RO Data    RW Data    ZI Data      Debug   Library Member Name

         8          0          0          0          0         68   __main.o
       108          0          0          0          0         76   __printf.o
        60          8          0          0          0          0   __scatter.o
        26          0          0          0          0          0   __scatter_copy.o
        28          0          0          0          0          0   __scatter_zi.o
        48          6          0          0          0         88   _printf_char_common.o
        10          0          0          0          0          0   _printf_d.o
       108         18          0          0          0         76   _printf_dec.o
       176          0          0          0          0         84   _printf_intcommon.o
         2          0          0          0          0          0   _printf_percent.o
         4          0          0          0          0          0   _printf_percent_end.o
        10          0          0          0          0         60   _sputc.o
        12          0          0          0          0         64   exit.o
         6          0          0          0          0        136   heapauxi.o
         0          0          0          0          0          0   indicate_semi.o
         2          0          0          0          0          0   libinit.o
         6          0          0          0          0          0   libinit2.o
         2          0          0          0          0          0   libshutdown.o
         2          0          0          0          0          0   libshutdown2.o
         8          4          0          0         96         68   libspace.o
        40          4          0          0          0         84   noretval__2sprintf.o
         0          0          0          0          0          0   rtentry.o
        12          0          0          0          0          0   rtentry2.o
         6          0          0          0          0          0   rtentry4.o
         2          0          0          0          0          0   rtexit.o
        10          0          0          0          0          0   rtexit2.o
        40          0          0          0          0         60   rtudiv10.o
        12          4          0          0          0         60   sys_exit.o
        62          0          0          0          0         80   sys_stackheap_outer.o
         2          0          0          0          0         68   use_no_semi.o

    ----------------------------------------------------------------------
       818         44          0          0         96       1072   Library Totals
         6          0          0          0          0          0   (incl. Padding)

    ----------------------------------------------------------------------

      Code (inc. data)   RO Data    RW Data    ZI Data      Debug   Library Name

       812         44          0          0         96       1072   c_p.l

    ----------------------------------------------------------------------
       818         44          0          0         96       1072   Library Totals

    ----------------------------------------------------------------------

==============================================================================


      Code (inc. data)   RO Data    RW Data    ZI Data      Debug   

      4792        290        224         24       1632      11520   Grand Totals
      4792        290        224         24       1632      11520   ELF Image Totals
      4792        290        224         24          0          0   ROM Totals

==============================================================================

    Total RO  Size (Code + RO Data)                 5016 (   4.90kB)
    Total RW  Size (RW Data + ZI Data)              1656 (   1.62kB)
    Total ROM Size (Code + RO Data + RW Data)       5040 (   4.92kB)

==============================================================================

