<html>
<body>
<pre>
<h1>µVision Build Log</h1>
<h2>Project:</h2>
D:\Github\STM32F051R8\timer\pro\timer.uvproj
Project File Date:  11/25/2018

<h2>Output:</h2>
Build target 'Target 1'
compiling main.c...
..\inc\sw_rcc.h(7): warning:  #1295-D: Deprecated declaration RCC_HSE_init - give arg types
  void RCC_HSE_init();
..\inc\sw_interrupt.h(5): warning:  #1295-D: Deprecated declaration It_init - give arg types
  void It_init();
..\src\main.c(11): warning:  #111-D: statement is unreachable
        return 0;
..\src\main.c: 3 warnings, 0 errors
linking...
Program Size: Code=740 RO-data=208 RW-data=0 ZI-data=1632  
FromELF: creating hex file...
"..\out\timer.axf" - 0 Error(s), 3 Warning(s).
ation It_init - give arg types
  void It_init();
..\src\sw_interrupt.c: 1 warning, 0 errors
compiling sw_rcc.c...
..\inc\sw_rcc.h(7): warning:  #1295-D: Deprecated declaration RCC_HSE_init - give arg types
  void RCC_HSE_init();
..\src\sw_rcc.c: 1 warning, 0 errors
linking...
Program Size: Code=1812 RO-data=208 RW-data=0 ZI-data=1632  
FromELF: creating hex file...
"..\out\timer.axf" - 0 Error(s), 5 Warning(s).
